#
# There is insufficient memory for the Java Runtime Environment to continue.
# Native memory allocation (mmap) failed to map 132120576 bytes. Error detail: G1 virtual space
# Possible reasons:
#   The system is out of physical RAM or swap space
#   This process is running with CompressedOops enabled, and the Java Heap may be blocking the growth of the native heap
# Possible solutions:
#   Reduce memory load on the system
#   Increase physical memory or swap space
#   Check if swap backing store is full
#   Decrease Java heap size (-Xmx/-Xms)
#   Decrease number of Java threads
#   Decrease Java thread stack sizes (-Xss)
#   Set larger code cache with -XX:ReservedCodeCacheSize=
#   JVM is running with Unscaled Compressed Oops mode in which the Java heap is
#     placed in the first 4GB address space. The Java Heap base address is the
#     maximum limit for the native heap growth. Please use -XX:HeapBaseMinAddress
#     to set the Java Heap base and to place the Java Heap above 4GB virtual address.
# This output file may be truncated or incomplete.
#
#  Out of Memory Error (os_windows.cpp:3828), pid=7596, tid=5824
#
# JRE version:  (21.0.5+8) (build )
# Java VM: OpenJDK 64-Bit Server VM (21.0.5+8-b631.16, mixed mode, sharing, tiered, compressed oops, compressed class ptrs, g1 gc, windows-amd64)
# No core dump will be written. Minidumps are not enabled by default on client versions of Windows
#

---------------  S U M M A R Y ------------

Command Line: git4idea.http.GitAskPassApp Password for 'https://hieudzpro4444@gmail.com@github.com': 

Host: Intel(R) Core(TM) i5-8250U CPU @ 1.60GHz, 8 cores, 7G,  Windows 10 , 64 bit Build 19041 (10.0.19041.3636)
Time: Tue Dec 10 22:07:02 2024 SE Asia Standard Time elapsed time: 0.014081 seconds (0d 0h 0m 0s)

---------------  T H R E A D  ---------------

Current thread (0x00000128695d23e0):  JavaThread "Unknown thread" [_thread_in_vm, id=5824, stack(0x0000000e3f700000,0x0000000e3f800000) (1024K)]

Stack: [0x0000000e3f700000,0x0000000e3f800000]
Native frames: (J=compiled Java code, j=interpreted, Vv=VM code, C=native code)
V  [jvm.dll+0x6e52b9]
V  [jvm.dll+0x8c3633]
V  [jvm.dll+0x8c5b8e]
V  [jvm.dll+0x8c6273]
V  [jvm.dll+0x288f46]
V  [jvm.dll+0x6e1a35]
V  [jvm.dll+0x6d5e3a]
V  [jvm.dll+0x3634bb]
V  [jvm.dll+0x36b086]
V  [jvm.dll+0x3bd346]
V  [jvm.dll+0x3bd618]
V  [jvm.dll+0x335c2c]
V  [jvm.dll+0x33691b]
V  [jvm.dll+0x88aa89]
V  [jvm.dll+0x3ca518]
V  [jvm.dll+0x873b98]
V  [jvm.dll+0x45eede]
V  [jvm.dll+0x460bc1]
C  [jli.dll+0x52ab]
C  [ucrtbase.dll+0x21bb2]
C  [KERNEL32.DLL+0x17344]
C  [ntdll.dll+0x526b1]


---------------  P R O C E S S  ---------------

Threads class SMR info:
_java_thread_list=0x00007ffdaaa2a148, length=0, elements={
}

Java Threads: ( => current thread )
Total: 0

Other Threads:
  0x000001286b8775f0 WorkerThread "GC Thread#0"                     [id=7416, stack(0x0000000e3f800000,0x0000000e3f900000) (1024K)]
  0x000001286b88a6b0 ConcurrentGCThread "G1 Main Marker"            [id=4364, stack(0x0000000e3f900000,0x0000000e3fa00000) (1024K)]
  0x000001286b88b860 WorkerThread "G1 Conc#0"                       [id=8088, stack(0x0000000e3fa00000,0x0000000e3fb00000) (1024K)]

[error occurred during error reporting (printing all threads), id 0xc0000005, EXCEPTION_ACCESS_VIOLATION (0xc0000005) at pc=0x00007ffdaa118ce7]
VM state: not at safepoint (not fully initialized)

VM Mutex/Monitor currently owned by a thread:  ([mutex/lock_event])
[0x00007ffdaaa9eb30] Heap_lock - owner thread: 0x00000128695d23e0

Heap address: 0x0000000082000000, size: 2016 MB, Compressed Oops mode: 32-bit

CDS archive(s) mapped at: [0x0000000000000000-0x0000000000000000-0x0000000000000000), size 0, SharedBaseAddress: 0x0000000800000000, ArchiveRelocationMode: 1.
Narrow klass base: 0x0000000000000000, Narrow klass shift: 0, Narrow klass range: 0x0

GC Precious Log:
 CardTable entry size: 512
 Card Set container configuration: InlinePtr #cards 5 size 8 Array Of Cards #cards 12 size 40 Howl #buckets 4 coarsen threshold 1843 Howl Bitmap #cards 512 size 80 coarsen threshold 460 Card regions per heap region 1 cards per card region 2048

Heap:
 garbage-first heap   total 0K, used 0K [0x0000000082000000, 0x0000000100000000)
  region size 1024K, 0 young (0K), 0 survivors (0K)
 Metaspace       used 0K, committed 0K, reserved 0K
  class space    used 0K, committed 0K, reserved 0K

Heap Regions: E=young(eden), S=young(survivor), O=old, HS=humongous(starts), HC=humongous(continues), CS=collection set, F=free, TAMS=top-at-mark-start, PB=parsable bottom

Card table byte_map: [0x000001287eef0000,0x000001287f2e0000] _byte_map_base: 0x000001287eae0000

Marking Bits: (CMBitMap*) 0x000001286b878c10
 Bits: [0x0000012800000000, 0x0000012801f80000)

GC Heap History (0 events):
No events

Dll operation events (1 events):
Event: 0.008 Loaded shared library C:\Program Files\JetBrains\IntelliJ IDEA 2024.3\jbr\bin\java.dll

Deoptimization events (0 events):
No events

Classes loaded (0 events):
No events

Classes unloaded (0 events):
No events

Classes redefined (0 events):
No events

Internal exceptions (0 events):
No events

ZGC Phase Switch (0 events):
No events

VM Operations (0 events):
No events

Memory protections (0 events):
No events

Nmethod flushes (0 events):
No events

Events (0 events):
No events


Dynamic libraries:
0x00007ff6b4140000 - 0x00007ff6b414a000 	C:\Program Files\JetBrains\IntelliJ IDEA 2024.3\jbr\bin\java.exe
0x00007ffe1ef50000 - 0x00007ffe1f148000 	C:\WINDOWS\SYSTEM32\ntdll.dll
0x00007ffe1e800000 - 0x00007ffe1e8bd000 	C:\WINDOWS\System32\KERNEL32.DLL
0x00007ffe1c620000 - 0x00007ffe1c916000 	C:\WINDOWS\System32\KERNELBASE.dll
0x00007ffe1cea0000 - 0x00007ffe1cfa0000 	C:\WINDOWS\System32\ucrtbase.dll
0x00007ffe15000000 - 0x00007ffe1501b000 	C:\Program Files\JetBrains\IntelliJ IDEA 2024.3\jbr\bin\VCRUNTIME140.dll
0x00007ffdf1950000 - 0x00007ffdf1968000 	C:\Program Files\JetBrains\IntelliJ IDEA 2024.3\jbr\bin\jli.dll
0x00007ffe1eba0000 - 0x00007ffe1ed3e000 	C:\WINDOWS\System32\USER32.dll
0x00007ffe046c0000 - 0x00007ffe0495a000 	C:\WINDOWS\WinSxS\amd64_microsoft.windows.common-controls_6595b64144ccf1df_6.0.19041.3636_none_60b6a03d71f818d5\COMCTL32.dll
0x00007ffe1ce70000 - 0x00007ffe1ce92000 	C:\WINDOWS\System32\win32u.dll
0x00007ffe1cfa0000 - 0x00007ffe1cfcc000 	C:\WINDOWS\System32\GDI32.dll
0x00007ffe1e640000 - 0x00007ffe1e6de000 	C:\WINDOWS\System32\msvcrt.dll
0x00007ffe1cd50000 - 0x00007ffe1ce6a000 	C:\WINDOWS\System32\gdi32full.dll
0x00007ffe1c920000 - 0x00007ffe1c9bd000 	C:\WINDOWS\System32\msvcp_win.dll
0x00007ffe1d820000 - 0x00007ffe1d850000 	C:\WINDOWS\System32\IMM32.DLL
0x00007ffe192e0000 - 0x00007ffe192ec000 	C:\Program Files\JetBrains\IntelliJ IDEA 2024.3\jbr\bin\vcruntime140_1.dll
0x00007ffde4410000 - 0x00007ffde449d000 	C:\Program Files\JetBrains\IntelliJ IDEA 2024.3\jbr\bin\msvcp140.dll
0x00007ffda9dd0000 - 0x00007ffdaab91000 	C:\Program Files\JetBrains\IntelliJ IDEA 2024.3\jbr\bin\server\jvm.dll
0x00007ffe1e740000 - 0x00007ffe1e7f3000 	C:\WINDOWS\System32\ADVAPI32.dll
0x00007ffe1ee70000 - 0x00007ffe1ef0f000 	C:\WINDOWS\System32\sechost.dll
0x00007ffe1e460000 - 0x00007ffe1e586000 	C:\WINDOWS\System32\RPCRT4.dll
0x00007ffe1cd20000 - 0x00007ffe1cd47000 	C:\WINDOWS\System32\bcrypt.dll
0x00007ffe1dca0000 - 0x00007ffe1dd0b000 	C:\WINDOWS\System32\WS2_32.dll
0x00007ffe1bbc0000 - 0x00007ffe1bc0b000 	C:\WINDOWS\SYSTEM32\POWRPROF.dll
0x00007ffe15ca0000 - 0x00007ffe15caa000 	C:\WINDOWS\SYSTEM32\VERSION.dll
0x00007ffe069c0000 - 0x00007ffe069e7000 	C:\WINDOWS\SYSTEM32\WINMM.dll
0x00007ffe1ba30000 - 0x00007ffe1ba42000 	C:\WINDOWS\SYSTEM32\UMPDC.dll
0x00007ffe1a4d0000 - 0x00007ffe1a4e2000 	C:\WINDOWS\SYSTEM32\kernel.appcore.dll
0x00007ffe192d0000 - 0x00007ffe192da000 	C:\Program Files\JetBrains\IntelliJ IDEA 2024.3\jbr\bin\jimage.dll
0x00007ffe067d0000 - 0x00007ffe069b4000 	C:\WINDOWS\SYSTEM32\DBGHELP.DLL
0x00007ffe03a00000 - 0x00007ffe03a34000 	C:\WINDOWS\SYSTEM32\dbgcore.DLL
0x00007ffe1c9c0000 - 0x00007ffe1ca42000 	C:\WINDOWS\System32\bcryptPrimitives.dll
0x00007ffe149d0000 - 0x00007ffe149f0000 	C:\Program Files\JetBrains\IntelliJ IDEA 2024.3\jbr\bin\java.dll

dbghelp: loaded successfully - version: 4.0.5 - missing functions: none
symbol engine: initialized successfully - sym options: 0x614 - pdb path: .;C:\Program Files\JetBrains\IntelliJ IDEA 2024.3\jbr\bin;C:\WINDOWS\SYSTEM32;C:\WINDOWS\WinSxS\amd64_microsoft.windows.common-controls_6595b64144ccf1df_6.0.19041.3636_none_60b6a03d71f818d5;C:\Program Files\JetBrains\IntelliJ IDEA 2024.3\jbr\bin\server

VM Arguments:
java_command: git4idea.http.GitAskPassApp Password for 'https://hieudzpro4444@gmail.com@github.com': 
java_class_path (initial): C:/Program Files/JetBrains/IntelliJ IDEA 2024.3/plugins/vcs-git/lib/git4idea-rt.jar;C:/Program Files/JetBrains/IntelliJ IDEA 2024.3/lib/externalProcess-rt.jar
Launcher Type: SUN_STANDARD

[Global flags]
     intx CICompilerCount                          = 4                                         {product} {ergonomic}
     uint ConcGCThreads                            = 2                                         {product} {ergonomic}
     uint G1ConcRefinementThreads                  = 8                                         {product} {ergonomic}
   size_t G1HeapRegionSize                         = 1048576                                   {product} {ergonomic}
    uintx GCDrainStackTargetSize                   = 64                                        {product} {ergonomic}
   size_t InitialHeapSize                          = 132120576                                 {product} {ergonomic}
   size_t MarkStackSize                            = 4194304                                   {product} {ergonomic}
   size_t MaxHeapSize                              = 2113929216                                {product} {ergonomic}
   size_t MinHeapDeltaBytes                        = 1048576                                   {product} {ergonomic}
   size_t MinHeapSize                              = 8388608                                   {product} {ergonomic}
    uintx NonNMethodCodeHeapSize                   = 5839372                                {pd product} {ergonomic}
    uintx NonProfiledCodeHeapSize                  = 122909434                              {pd product} {ergonomic}
    uintx ProfiledCodeHeapSize                     = 122909434                              {pd product} {ergonomic}
    uintx ReservedCodeCacheSize                    = 251658240                              {pd product} {ergonomic}
     bool SegmentedCodeCache                       = true                                      {product} {ergonomic}
   size_t SoftMaxHeapSize                          = 2113929216                             {manageable} {ergonomic}
     bool UseCompressedOops                        = true                           {product lp64_product} {ergonomic}
     bool UseG1GC                                  = true                                      {product} {ergonomic}
     bool UseLargePagesIndividualAllocation        = false                                  {pd product} {ergonomic}

Logging:
Log output configuration:
 #0: stdout all=warning uptime,level,tags foldmultilines=false
 #1: stderr all=off uptime,level,tags foldmultilines=false

Environment Variables:
PATH=C:/Program Files/Git/mingw64/libexec/git-core;C:/Program Files/Git/mingw64/libexec/git-core;C:\Program Files\Git\mingw64\bin;C:\Program Files\Git\usr\bin;C:\Users\hieud\bin;C:\Program Files\Common Files\Oracle\Java\javapath;C:\WINDOWS\system32;C:\WINDOWS;C:\WINDOWS\System32\Wbem;C:\WINDOWS\System32\WindowsPowerShell\v1.0\;C:\WINDOWS\System32\OpenSSH\;C:\msys64\mingw64\bin;C:\Program Files\Git\cmd;C:\Program Files\nodejs\;C:\Users\hieud\AppData\Local\Microsoft\WindowsApps;C:\msys64\mingw64\bin;C:\Program Files\Azure Data Studio\bin;C:\Program Files\Azure Data Studio\bin;C:\Program Files\Azure Data Studio\bin;C:\Users\hieud\AppData\Local\Programs\Microsoft VS Code\bin;C:\Users\hieud\AppData\Roaming\npm
USERNAME=HieuCute
DISPLAY=:0.0
LC_ALL=en_US.UTF-8
TERM=xterm-256color
TMPDIR=C:\Users\hieud\AppData\Local\Temp
OS=Windows_NT
PROCESSOR_IDENTIFIER=Intel64 Family 6 Model 142 Stepping 10, GenuineIntel
TMP=C:\Users\hieud\AppData\Local\Temp
TEMP=C:\Users\hieud\AppData\Local\Temp




Periodic native trim disabled

JNI global refs:
JNI global refs: 0, weak refs: 0

JNI global refs memory usage: 0, weak refs: 0

Process memory usage:
Resident Set Size: 10780K (0% of 8250432K total physical memory with 872372K free physical memory)

OOME stack traces (most recent first):
Classloader memory used:

---------------  S Y S T E M  ---------------

OS:
 Windows 10 , 64 bit Build 19041 (10.0.19041.3636)
OS uptime: 0 days 20:07 hours

CPU: total 8 (initial active 8) (4 cores per cpu, 2 threads per core) family 6 model 142 stepping 10 microcode 0xb4, cx8, cmov, fxsr, ht, mmx, 3dnowpref, sse, sse2, sse3, ssse3, sse4.1, sse4.2, popcnt, lzcnt, tsc, tscinvbit, avx, avx2, aes, erms, clmul, bmi1, bmi2, adx, fma, vzeroupper, clflush, clflushopt, rdtscp, f16c
Processor Information for all 8 processors :
  Max Mhz: 1800, Current Mhz: 1600, Mhz Limit: 1584

Memory: 4k page, system-wide physical 8057M (851M free)
TotalPageFile size 16249M (AvailPageFile size 68M)
current process WorkingSet (physical memory assigned to process): 10M, peak: 10M
current process commit charge ("private bytes"): 60M, peak: 186M

vm_info: OpenJDK 64-Bit Server VM (21.0.5+8-b631.16) for windows-amd64 JRE (21.0.5+8-b631.16), built on 2024-11-02 by "builduser" with MS VC++ 16.10 / 16.11 (VS2019)

END.
